// Jest Snapshot v1, https://goo.gl/fbAQLP

exports[`Verify GameConsole layout template GameConsole should render correctly 1`] = `
<div
  className="game_console"
>
  <GameLog
    data={
      Array [
        "-- Sammy turn –",
        "Rolled: E E H 1 2 3",
        "Decision: keep E E",
        "Rolled: E P 1 2 2",
        "Decision: keep E",
        "Rolled: 2 2 2 (TRIPPLE! +2 VP)",
        ":: Gain: E E E +2 VP ::",
        "Buy: Psychic Probe",
        "End Turn",
      ]
    }
  />
  <form
    className="submit_game_command"
    onChange={[Function]}
    onSubmit={[Function]}
  >
    <textarea
      onChange={[Function]}
    >
      Type Command [enter]
    </textarea>
  </form>
  <button
    onClick={[Function]}
  >
    Submit Comand
  </button>
</div>
`;
