// Jest Snapshot v1, https://goo.gl/fbAQLP

exports[`Verify gameboard layout template Gameboard should render correctly 1`] = `
<div
  className="board_container"
>
  <br />
  <h4>
    Room_1234
  </h4>
  <div>
    <div>
      <CardStore />
    </div>
  </div>
  <div
    className="container"
  >
    <div>
      <div
        className="row"
      >
        <div
          className="col-sm"
        >
          <DiceRoller
            currentRoom="Room_1234"
            currentUser="Guest_1234"
          />
        </div>
        <div
          className="col-sm board_middle_column"
        >
          <GameConsole
            currentRoom="Room_1234"
            currentUser="Guest_1234"
            sendMessage={[Function]}
          />
        </div>
        <div
          className="col-sm"
        >
          <p>
            Chatroom Placeholder
          </p>
        </div>
      </div>
      <div
        className="row"
      >
        <div
          className="col-sm"
        >
          <PlayerValueDisplay
            currentRoom="Room_1234"
            currentUser="Guest_1234"
          />
        </div>
      </div>
    </div>
  </div>
</div>
`;
