// Jest Snapshot v1, https://goo.gl/fbAQLP

exports[`Verify gameboard layout template Gameboard should render correctly 1`] = `
<div
  className="board_container"
>
  <br />
  <h4>
    Room_1234
  </h4>
  <div
    className="col"
  >
    <CardStore
      currentRoom="Room_1234"
      currentUser="Guest_1234"
    />
  </div>
  <div>
    <div>
      <div
        className="row"
      >
        <div
          className="col-sm-4"
        >
          <PlayerValueDisplay
            currentRoom="Room_1234"
            currentUser="Guest_1234"
            displayOnlySelf={true}
          />
        </div>
        <div
          className="col-sm-2"
        >
          <DiceRoller
            currentRoom="Room_1234"
            currentUser="Guest_1234"
          />
        </div>
        <div
          className="col-sm-4 board_middle_column"
        >
          <GameConsole
            currentRoom="Room_1234"
            currentUser="Guest_1234"
            sendMessage={[Function]}
          />
        </div>
        <div
          className="col-sm-2"
        >
          <PlayerTable
            currentRoom="Room_1234"
            currentUser="Guest_1234"
          />
        </div>
      </div>
      <div
        className="row"
      >
        <div
          className="col-sm"
        >
          <PlayerValueDisplay
            currentRoom="Room_1234"
            currentUser="Guest_1234"
            displayOnlySelf={false}
          />
        </div>
      </div>
    </div>
  </div>
  <div
    className="col"
  >
    <a
      href="https://icons8.com/"
    >
      Images Provided by icons8.com
    </a>
  </div>
</div>
`;
