// Jest Snapshot v1, https://goo.gl/fbAQLP

exports[`Verify lobby template Lobby should render correctly 1`] = `
<div>
  <Adapter>
    <Adapter />
    <Adapter>
      <Sider />
      <Adapter>
        Your In the Lobby...
      </Adapter>
      <Sider />
    </Adapter>
    <Adapter />
  </Adapter>
</div>
`;
