// Jest Snapshot v1, https://goo.gl/fbAQLP

exports[`Verify PlayerTable layout template Verify parameter provided PlayeValues are rendered correctly 1`] = `
<div
  id="table_area"
>
  <img
    alt="Go, your turn!"
    hidden={true}
    src="icons8-go-48.png"
  />
  <p>
    Waiting for more players, Please wait.
  </p>
  <canvas />
</div>
`;
