// Jest Snapshot v1, https://goo.gl/fbAQLP

exports[`Verify DiceRoller layout template DiceRoller should render correctly 1`] = `
<div
  className="DiceRoller"
>
  <DiceBoard
    callbackSendDiceSelectionOut={[Function]}
    data={Array []}
  />
  <button
    disabled={false}
    onClick={[Function]}
  >
    Roll
  </button>
</div>
`;
