// Jest Snapshot v1, https://goo.gl/fbAQLP

exports[`Verify DiceBoard layout template Verify parameter provided dice are rendered correctly 1`] = `
<ForwardRef
  onChange={[Function]}
  type="checkbox"
  value={Array []}
  vertical={true}
>
  <ForwardRef
    key="0"
    value={1}
  >
    1
  </ForwardRef>
  <ForwardRef
    key="1"
    value={2}
  >
    2
  </ForwardRef>
  <ForwardRef
    key="2"
    value={3}
  >
    3
  </ForwardRef>
  <ForwardRef
    key="3"
    selected="t"
    value={4}
  >
    a
  </ForwardRef>
  <ForwardRef
    key="4"
    selected="e"
    value={5}
  >
    h
  </ForwardRef>
  <ForwardRef
    key="5"
    selected="n"
    value={6}
  >
    e
  </ForwardRef>
</ForwardRef>
`;
