// Jest Snapshot v1, https://goo.gl/fbAQLP

exports[`Verify DiceRoller layout template DiceRoller should render correctly 1`] = `
<div
  className="DiceRoller"
>
  <p>
    Waiting for more players, Please wait.
  </p>
  <DiceBoard
    callbackSendDiceSelectionOut={[Function]}
    data={Array []}
  />
  <Button
    active={false}
    className="btn btn-secondary"
    disabled={true}
    onClick={[Function]}
    type="button"
    variant="primary"
  >
    Roll
  </Button>
  <Button
    active={false}
    className="btn btn-secondary"
    disabled={true}
    onClick={[Function]}
    type="button"
    variant="primary"
  >
    Accept Dice
  </Button>
  <Button
    active={false}
    className="btn btn-secondary"
    disabled={true}
    onClick={[Function]}
    type="button"
    variant="primary"
  >
    End Turn
  </Button>
  <Button
    active={false}
    className="btn btn-secondary"
    disabled={false}
    onClick={[Function]}
    type="button"
    variant="primary"
  >
    Start Game
  </Button>
</div>
`;
