// Jest Snapshot v1, https://goo.gl/fbAQLP

exports[`Verify DiceBoard layout template Verify parameter provided dice are rendered correctly 1`] = `
<div>
  <li
    key="1"
  >
    1
  </li>
  <li
    key="2"
  >
    2
  </li>
  <li
    key="3"
  >
    3
  </li>
  <li
    key="attack"
  >
    attack
  </li>
  <li
    key="heal"
  >
    heal
  </li>
  <li
    key="energy"
  >
    energy
  </li>
</div>
`;
